// Jest Snapshot v1, https://goo.gl/fbAQLP

exports[`withWizard should add wizard prop to wrapped component 1`] = `
<WrappedComponent
  wizard={
    Object {
      "hogwarts": "rules",
    }
  }
/>
`;

exports[`withWizard should use component props over context 1`] = `
<WrappedComponent
  wizard="hogwarts"
/>
`;
