// Jest Snapshot v1, https://goo.gl/fbAQLP

exports[`wizardShape exports the correct shape 1`] = `
Object {
  "isRequired": Object {
    "go": "squawk",
    "history": Object {},
    "next": "squawk",
    "previous": "squawk",
    "push": "squawk",
    "replace": "squawk",
    "set": "squawk",
    "step": Object {
      "id": "squawk",
    },
    "steps": Object {
      "id": "squawk",
    },
  },
}
`;
