// Jest Snapshot v1, https://goo.gl/fbAQLP

exports[`wizardShape exports the correct shape 1`] = `
Object {
  "isRequired": Object {
    "go": "squawk",
    "hasNext": "squawk",
    "hasPrevious": "squawk",
    "history": "squawk",
    "onNext": "squawk",
    "onPrevious": "squawk",
    "push": "squawk",
    "replace": "squawk",
    "set": "squawk",
    "step": Object {
      "id": "squawk",
    },
    "steps": Object {
      "id": "squawk",
    },
  },
}
`;
