// Jest Snapshot v1, https://goo.gl/fbAQLP

exports[`wizardShape exports the correct shape 1`] = `
Object {
  "isRequired": Object {
    "go": "squawk",
    "hasNext": "squawk",
    "hasPrevious": "squawk",
    "history": Object {
      "isRequired": Object {
        "entries": Object {
          "isRequired": Object {
            "isRequired": Object {
              "hash": Object {
                "isRequired": "squawk",
              },
              "key": Object {
                "isRequired": "squawk",
              },
              "pathname": Object {
                "isRequired": "squawk",
              },
              "search": Object {
                "isRequired": "squawk",
              },
              "state": Object {
                "isRequired": Object {},
              },
            },
          },
        },
        "go": Object {
          "isRequired": "squawk",
        },
        "goBack": Object {
          "isRequired": "squawk",
        },
        "listen": Object {
          "isRequired": "squawk",
        },
        "location": Object {
          "isRequired": Object {
            "hash": Object {
              "isRequired": "squawk",
            },
            "key": Object {
              "isRequired": "squawk",
            },
            "pathname": Object {
              "isRequired": "squawk",
            },
            "search": Object {
              "isRequired": "squawk",
            },
            "state": Object {
              "isRequired": Object {},
            },
          },
        },
        "push": Object {
          "isRequired": "squawk",
        },
        "replace": Object {
          "isRequired": "squawk",
        },
      },
    },
    "onNext": "squawk",
    "onPrevious": "squawk",
    "push": "squawk",
    "replace": "squawk",
    "set": "squawk",
    "step": Object {
      "id": "squawk",
    },
    "steps": Object {
      "id": "squawk",
    },
  },
}
`;
