// Jest Snapshot v1, https://goo.gl/fbAQLP

exports[`wizardShape exports the correct shape 1`] = `
{
  "isRequired": {
    "go": "squawk",
    "history": "squawk",
    "next": "squawk",
    "previous": "squawk",
    "push": "squawk",
    "replace": "squawk",
    "set": "squawk",
    "step": {
      "id": "squawk",
    },
    "steps": {
      "id": "squawk",
    },
  },
}
`;
